<?xml version="1.0" encoding="utf-8"?><testsuites name="pytest tests"><testsuite name="pytest" errors="0" failures="0" skipped="0" tests="11" time="3.876" timestamp="2025-10-12T20:56:35.748965+02:00" hostname="MacBook-Pro"><testcase classname="tests.test_aggregations" name="test_calculate_basic_metrics" time="0.012" /><testcase classname="tests.test_aggregations" name="test_calculate_all_metrics_groups_expected_sections" time="0.014" /><testcase classname="tests.test_aggregations" name="test_calculate_agent_metrics_returns_sorted_dataframe" time="0.011" /><testcase classname="tests.test_aggregations" name="test_calculate_all_metrics_handles_empty_dataframe" time="0.001" /><testcase classname="tests.test_text_processing" name="test_clean_text_removes_noise" time="0.001" /><testcase classname="tests.test_text_processing" name="test_extract_keywords_ignores_stopwords" time="0.001" /><testcase classname="tests.test_text_processing" name="test_calculate_similarity_identical_texts[jaccard]" time="0.001" /><testcase classname="tests.test_text_processing" name="test_calculate_similarity_identical_texts[cosine]" time="0.001" /><testcase classname="tests.test_text_processing" name="test_calculate_similarity_identical_texts[levenshtein]" time="0.001" /><testcase classname="tests.test_text_processing" name="test_calculate_similarity_invalid_method" time="0.001" /><testcase classname="tests.test_text_processing" name="test_mask_pii_replaces_sensitive_tokens" time="0.001" /></testsuite></testsuites>